Release 14.6 - xst P.68d (nt64)
Copyright (c) 1995-2013 Xilinx, Inc.  All rights reserved.
--> Parameter TMPDIR set to xst/projnav.tmp


Total REAL time to Xst completion: 1.00 secs
Total CPU time to Xst completion: 0.19 secs
 
--> Parameter xsthdpdir set to xst


Total REAL time to Xst completion: 1.00 secs
Total CPU time to Xst completion: 0.19 secs
 
--> Reading design: PmodKYPD.prj

TABLE OF CONTENTS
  1) Synthesis Options Summary
  2) HDL Parsing
  3) HDL Elaboration
  4) HDL Synthesis
       4.1) HDL Synthesis Report
  5) Advanced HDL Synthesis
       5.1) Advanced HDL Synthesis Report
  6) Low Level Synthesis
  7) Partition Report
  8) Design Summary
       8.1) Primitive and Black Box Usage
       8.2) Device utilization summary
       8.3) Partition Resource Summary
       8.4) Timing Report
            8.4.1) Clock Information
            8.4.2) Asynchronous Control Signals Information
            8.4.3) Timing Summary
            8.4.4) Timing Details
            8.4.5) Cross Clock Domains Report


=========================================================================
*                      Synthesis Options Summary                        *
=========================================================================
---- Source Parameters
Input File Name                    : "PmodKYPD.prj"
Ignore Synthesis Constraint File   : NO

---- Target Parameters
Output File Name                   : "PmodKYPD"
Output Format                      : NGC
Target Device                      : xc6slx16-3-csg324

---- Source Options
Top Module Name                    : PmodKYPD
Automatic FSM Extraction           : YES
FSM Encoding Algorithm             : Auto
Safe Implementation                : No
FSM Style                          : LUT
RAM Extraction                     : Yes
RAM Style                          : Auto
ROM Extraction                     : Yes
Shift Register Extraction          : YES
ROM Style                          : Auto
Resource Sharing                   : YES
Asynchronous To Synchronous        : NO
Shift Register Minimum Size        : 2
Use DSP Block                      : Auto
Automatic Register Balancing       : No

---- Target Options
LUT Combining                      : Auto
Reduce Control Sets                : Auto
Add IO Buffers                     : YES
Global Maximum Fanout              : 100000
Add Generic Clock Buffer(BUFG)     : 16
Register Duplication               : YES
Optimize Instantiated Primitives   : NO
Use Clock Enable                   : Auto
Use Synchronous Set                : Auto
Use Synchronous Reset              : Auto
Pack IO Registers into IOBs        : Auto
Equivalent register Removal        : YES

---- General Options
Optimization Goal                  : Speed
Optimization Effort                : 1
Power Reduction                    : NO
Keep Hierarchy                     : No
Netlist Hierarchy                  : As_Optimized
RTL Output                         : Yes
Global Optimization                : AllClockNets
Read Cores                         : YES
Write Timing Constraints           : NO
Cross Clock Analysis               : NO
Hierarchy Separator                : /
Bus Delimiter                      : <>
Case Specifier                     : Maintain
Slice Utilization Ratio            : 100
BRAM Utilization Ratio             : 100
DSP48 Utilization Ratio            : 100
Auto BRAM Packing                  : NO
Slice Utilization Ratio Delta      : 5

=========================================================================


=========================================================================
*                          HDL Parsing                                  *
=========================================================================
Analyzing Verilog file "E:\Deadbeaf\PmodKYPD_Demo\DisplayController.v" into library work
Parsing module <DisplayController>.
Analyzing Verilog file "E:\Deadbeaf\PmodKYPD_Demo\Decoder.v" into library work
Parsing module <Decoder>.
Analyzing Verilog file "E:\Deadbeaf\PmodKYPD_Demo\PmodKYPD.v" into library work
Parsing module <PmodKYPD>.

=========================================================================
*                            HDL Elaboration                            *
=========================================================================

Elaborating module <PmodKYPD>.

Elaborating module <Decoder>.

Elaborating module <DisplayController>.

=========================================================================
*                           HDL Synthesis                               *
=========================================================================

Synthesizing Unit <PmodKYPD>.
    Related source file is "E:\Deadbeaf\PmodKYPD_Demo\PmodKYPD.v".
    Summary:
	no macro.
Unit <PmodKYPD> synthesized.

Synthesizing Unit <Decoder>.
    Related source file is "E:\Deadbeaf\PmodKYPD_Demo\Decoder.v".
    Found 20-bit register for signal <sclk>.
    Found 4-bit register for signal <DecodeOut>.
    Found 4-bit register for signal <Col>.
    Found 20-bit adder for signal <sclk[19]_GND_2_o_add_48_OUT> created at line 172.
    Summary:
	inferred   1 Adder/Subtractor(s).
	inferred  28 D-type flip-flop(s).
	inferred  13 Multiplexer(s).
Unit <Decoder> synthesized.

Synthesizing Unit <DisplayController>.
    Related source file is "E:\Deadbeaf\PmodKYPD_Demo\DisplayController.v".
    Found 16x7-bit Read Only RAM for signal <segOut>
    Summary:
	inferred   1 RAM(s).
Unit <DisplayController> synthesized.

=========================================================================
HDL Synthesis Report

Macro Statistics
# RAMs                                                 : 1
 16x7-bit single-port Read Only RAM                    : 1
# Adders/Subtractors                                   : 1
 20-bit adder                                          : 1
# Registers                                            : 3
 20-bit register                                       : 1
 4-bit register                                        : 2
# Multiplexers                                         : 13
 4-bit 2-to-1 multiplexer                              : 13

=========================================================================

=========================================================================
*                       Advanced HDL Synthesis                          *
=========================================================================


Synthesizing (advanced) Unit <Decoder>.
The following registers are absorbed into counter <sclk>: 1 register on signal <sclk>.
Unit <Decoder> synthesized (advanced).

Synthesizing (advanced) Unit <DisplayController>.
INFO:Xst:3231 - The small RAM <Mram_segOut> will be implemented on LUTs in order to maximize performance and save block RAM resources. If you want to force its implementation on block, use option/constraint ram_style.
    -----------------------------------------------------------------------
    | ram_type           | Distributed                         |          |
    -----------------------------------------------------------------------
    | Port A                                                              |
    |     aspect ratio   | 16-word x 7-bit                     |          |
    |     weA            | connected to signal <GND>           | high     |
    |     addrA          | connected to signal <DispVal>       |          |
    |     diA            | connected to signal <GND>           |          |
    |     doA            | connected to signal <segOut>        |          |
    -----------------------------------------------------------------------
Unit <DisplayController> synthesized (advanced).

=========================================================================
Advanced HDL Synthesis Report

Macro Statistics
# RAMs                                                 : 1
 16x7-bit single-port distributed Read Only RAM        : 1
# Counters                                             : 1
 20-bit up counter                                     : 1
# Registers                                            : 8
 Flip-Flops                                            : 8
# Multiplexers                                         : 13
 4-bit 2-to-1 multiplexer                              : 13

=========================================================================

=========================================================================
*                         Low Level Synthesis                           *
=========================================================================

Optimizing unit <PmodKYPD> ...

Optimizing unit <Decoder> ...

Mapping all equations...
Building and optimizing final netlist ...
Found area constraint ratio of 100 (+ 5) on block PmodKYPD, actual ratio is 0.
FlipFlop C0/sclk_3 has been replicated 2 time(s)

Final Macro Processing ...

=========================================================================
Final Register Report

Macro Statistics
# Registers                                            : 30
 Flip-Flops                                            : 30

=========================================================================

=========================================================================
*                           Partition Report                            *
=========================================================================

Partition Implementation Status
-------------------------------

  No Partitions were found in this design.

-------------------------------

=========================================================================
*                            Design Summary                             *
=========================================================================

Top Level Output File Name         : PmodKYPD.ngc

Primitive and Black Box Usage:
------------------------------
# BELS                             : 129
#      GND                         : 1
#      INV                         : 3
#      LUT1                        : 19
#      LUT2                        : 4
#      LUT3                        : 4
#      LUT4                        : 10
#      LUT5                        : 5
#      LUT6                        : 43
#      MUXCY                       : 19
#      VCC                         : 1
#      XORCY                       : 20
# FlipFlops/Latches                : 30
#      FD                          : 22
#      FDE                         : 8
# Clock Buffers                    : 1
#      BUFGP                       : 1
# IO Buffers                       : 19
#      IBUF                        : 4
#      OBUF                        : 15

Device utilization summary:
---------------------------

Selected Device : 6slx16csg324-3 


Slice Logic Utilization: 
 Number of Slice Registers:              30  out of  18224     0%  
 Number of Slice LUTs:                   88  out of   9112     0%  
    Number used as Logic:                88  out of   9112     0%  

Slice Logic Distribution: 
 Number of LUT Flip Flop pairs used:     90
   Number with an unused Flip Flop:      60  out of     90    66%  
   Number with an unused LUT:             2  out of     90     2%  
   Number of fully used LUT-FF pairs:    28  out of     90    31%  
   Number of unique control sets:         4

IO Utilization: 
 Number of IOs:                          20
 Number of bonded IOBs:                  20  out of    232     8%  

Specific Feature Utilization:
 Number of BUFG/BUFGCTRLs:                1  out of     16     6%  

---------------------------
Partition Resource Summary:
---------------------------

  No Partitions were found in this design.

---------------------------


=========================================================================
Timing Report

NOTE: THESE TIMING NUMBERS ARE ONLY A SYNTHESIS ESTIMATE.
      FOR ACCURATE TIMING INFORMATION PLEASE REFER TO THE TRACE REPORT
      GENERATED AFTER PLACE-and-ROUTE.

Clock Information:
------------------
-----------------------------------+------------------------+-------+
Clock Signal                       | Clock buffer(FF name)  | Load  |
-----------------------------------+------------------------+-------+
clk                                | BUFGP                  | 30    |
-----------------------------------+------------------------+-------+

Asynchronous Control Signals Information:
----------------------------------------
No asynchronous control signals found in this design

Timing Summary:
---------------
Speed Grade: -3

   Minimum period: 4.932ns (Maximum Frequency: 202.778MHz)
   Minimum input arrival time before clock: 4.606ns
   Maximum output required time after clock: 4.849ns
   Maximum combinational path delay: No path found

Timing Details:
---------------
All values displayed in nanoseconds (ns)

=========================================================================
Timing constraint: Default period analysis for Clock 'clk'
  Clock period: 4.932ns (frequency: 202.778MHz)
  Total number of paths / destination ports: 2800 / 38
-------------------------------------------------------------------------
Delay:               4.932ns (Levels of Logic = 4)
  Source:            C0/sclk_5 (FF)
  Destination:       C0/DecodeOut_3 (FF)
  Source Clock:      clk rising
  Destination Clock: clk rising

  Data Path: C0/sclk_5 to C0/DecodeOut_3
                                Gate     Net
    Cell:in->out      fanout   Delay   Delay  Logical Name (Net Name)
    ----------------------------------------  ------------
     FD:C->Q               3   0.447   0.898  C0/sclk_5 (C0/sclk_5)
     LUT4:I0->O            6   0.203   0.973  C0/sclk[19]_GND_2_o_equal_2_o<19>11 (C0/sclk[19]_GND_2_o_equal_2_o<19>1)
     LUT6:I3->O           21   0.205   1.114  C0/sclk[19]_GND_2_o_equal_28_o<19>1 (C0/sclk[19]_GND_2_o_equal_28_o)
     LUT6:I5->O            1   0.205   0.580  C0/Mmux_DecodeOut[3]_DecodeOut[3]_mux_66_OUT51 (C0/DecodeOut[3]_DecodeOut[3]_mux_66_OUT<3>)
     LUT3:I2->O            1   0.205   0.000  C0/DecodeOut_3_dpot (C0/DecodeOut_3_dpot)
     FDE:D                     0.102          C0/DecodeOut_3
    ----------------------------------------
    Total                      4.932ns (1.367ns logic, 3.565ns route)
                                       (27.7% logic, 72.3% route)

=========================================================================
Timing constraint: Default OFFSET IN BEFORE for Clock 'clk'
  Total number of paths / destination ports: 27 / 4
-------------------------------------------------------------------------
Offset:              4.606ns (Levels of Logic = 4)
  Source:            JA<7> (PAD)
  Destination:       C0/DecodeOut_3 (FF)
  Destination Clock: clk rising

  Data Path: JA<7> to C0/DecodeOut_3
                                Gate     Net
    Cell:in->out      fanout   Delay   Delay  Logical Name (Net Name)
    ----------------------------------------  ------------
     IBUF:I->O             5   1.222   0.962  JA_7_IBUF (JA_7_IBUF)
     LUT4:I0->O            1   0.203   0.924  C0/_n0309_inv_SW0 (N4)
     LUT5:I0->O            4   0.203   0.788  C0/_n0309_inv_rstpot (C0/_n0309_inv_rstpot)
     LUT3:I1->O            1   0.203   0.000  C0/DecodeOut_3_dpot (C0/DecodeOut_3_dpot)
     FDE:D                     0.102          C0/DecodeOut_3
    ----------------------------------------
    Total                      4.606ns (1.933ns logic, 2.673ns route)
                                       (42.0% logic, 58.0% route)

=========================================================================
Timing constraint: Default OFFSET OUT AFTER for Clock 'clk'
  Total number of paths / destination ports: 32 / 11
-------------------------------------------------------------------------
Offset:              4.849ns (Levels of Logic = 2)
  Source:            C0/DecodeOut_1 (FF)
  Destination:       seg<6> (PAD)
  Source Clock:      clk rising

  Data Path: C0/DecodeOut_1 to seg<6>
                                Gate     Net
    Cell:in->out      fanout   Delay   Delay  Logical Name (Net Name)
    ----------------------------------------  ------------
     FDE:C->Q              8   0.447   1.050  C0/DecodeOut_1 (C0/DecodeOut_1)
     LUT4:I0->O            1   0.203   0.579  C1/Mram_segOut61 (seg_6_OBUF)
     OBUF:I->O                 2.571          seg_6_OBUF (seg<6>)
    ----------------------------------------
    Total                      4.849ns (3.221ns logic, 1.628ns route)
                                       (66.4% logic, 33.6% route)

=========================================================================

Cross Clock Domains Report:
--------------------------

Clock to Setup on destination clock clk
---------------+---------+---------+---------+---------+
               | Src:Rise| Src:Fall| Src:Rise| Src:Fall|
Source Clock   |Dest:Rise|Dest:Rise|Dest:Fall|Dest:Fall|
---------------+---------+---------+---------+---------+
clk            |    4.932|         |         |         |
---------------+---------+---------+---------+---------+

=========================================================================


Total REAL time to Xst completion: 11.00 secs
Total CPU time to Xst completion: 10.57 secs
 
--> 

Total memory usage is 257616 kilobytes

Number of errors   :    0 (   0 filtered)
Number of warnings :    0 (   0 filtered)
Number of infos    :    1 (   0 filtered)

